// Jest Snapshot v1, https://goo.gl/fbAQLP

exports[`ForecastSummary render correct values for props 1`] = `[Function]`;
